../Core/Src/main.c:72:6:buzzerInit	8	static
../Core/Src/main.c:78:6:buzzerChangeTone	40	static
../Core/Src/main.c:101:5:main	8	static
../Core/Src/main.c:151:6:SystemClock_Config	128	static
../Core/Src/main.c:200:13:MX_I2C1_Init	8	static
../Core/Src/main.c:248:13:MX_SPI1_Init	8	static
../Core/Src/main.c:288:13:MX_TIM2_Init	64	static
../Core/Src/main.c:347:13:MX_TIM3_Init	40	static
../Core/Src/main.c:392:13:MX_USB_PCD_Init	8	static
../Core/Src/main.c:423:13:MX_GPIO_Init	48	static
../Core/Src/main.c:467:6:HAL_TIM_PeriodElapsedCallback	16	static
../Core/Src/main.c:488:6:Error_Handler	4	static,ignoring_inline_asm
